// Jest Snapshot v1, https://goo.gl/fbAQLP

exports[`SponsoredRewardsTableRowView should create SponsoredRewardsTableRowView's snapshot 1`] = `
ShallowWrapper {
  Symbol(enzyme.__root__): [Circular],
  Symbol(enzyme.__unrendered__): <IntlProvider
    locale="en"
  >
    <tr
      className="SponsoredRewardsTableRow"
    >
      <td
        className="SponsoredRewardsTableRow__date-row"
      >
        13-Oct-2020
      </td>
      <td
        className="SponsoredRewardsTableRow__action-row"
      >
        <FormattedMessage
          defaultMessage="Review by {userName} (requested by {sponsorName})"
          id="sponsored_rewards_requested_text"
          values={
            Object {
              "sponsorName": <UNDEFINED
                to="/@asd09"
              >
                <span
                  className="text-link"
                >
                  @
                  asd09
                </span>
              </UNDEFINED>,
              "userName": <UNDEFINED
                to="/@waivio_dsad-asas"
              >
                <span
                  className="text-link"
                >
                  @
                  waivio_dsad-asas
                </span>
              </UNDEFINED>,
            }
          }
        />
        <UNDEFINED>
          <div>
            <FormattedMessage
              defaultMessage="Review: {prymaryObjectName}, {reviewObjectName}"
              id="sponsored_rewards_review_text"
              values={
                Object {
                  "prymaryObjectName": <UNDEFINED
                    to="/object/cqd-mytest"
                  >
                    <span
                      className="text-link"
                    >
                      myTest
                    </span>
                  </UNDEFINED>,
                  "reviewObjectName": <UNDEFINED
                    to="/object/rxt-mynewtest"
                  >
                    <span
                      className="text-link"
                    >
                      MyNewTest
                    </span>
                  </UNDEFINED>,
                }
              }
            />
          </div>
          <div>
            <FormattedMessage
              defaultMessage="Beneficiaries: "
              id="sponsored_rewards_beneficiaries"
              values={Object {}}
            />
            <UNDEFINED
              to="/@waivio_dsad-asas"
            >
              waivio_dsad-asas
            </UNDEFINED>
             (100%)
          </div>
        </UNDEFINED>
      </td>
      <td
        className="SponsoredRewardsTableRow__details-row"
      >
        <UNDEFINED>
          <UNDEFINED
            to="/@waivio_dsad-asas/reserve-ehq58v56iyd"
          >
            <FormattedMessage
              defaultMessage="Reservation"
              id="sponsored_rewards_details_reservation"
              values={Object {}}
            />
          </UNDEFINED>
          <div
            className="text-link"
            onClick={[Function]}
            role="presentation"
          >
            <FormattedMessage
              defaultMessage="Report"
              id="sponsored_rewards_details_report"
              values={Object {}}
            />
          </div>
        </UNDEFINED>
        <InjectIntl(Report)
          isModalReportOpen={false}
          sponsor={
            Object {
              "__v": 0,
              "_id": "5f854d0f5110180f72a5e386",
              "amount": 0.002,
              "app": "waiviodev/1.0.0",
              "balance": 0.002,
              "createdAt": "2020-10-13T06:45:35.517Z",
              "currentUser": "vallon",
              "details": Object {
                "beneficiaries": Array [],
                "commissionWeight": 307.6923,
                "hiveCurrency": 0.154579,
                "main_object": Object {
                  "author_permlink": "cqd-mytest",
                  "defaultShowLink": "/object/cqd-mytest",
                  "default_name": "MyTest",
                  "name": "myTest",
                  "object_type": "restaurant",
                },
                "payableInDollars": 0.00030915799999999997,
                "reservation_permlink": "reserve-ehq58v56iyd",
                "review_object": Object {
                  "author_permlink": "rxt-mynewtest",
                  "defaultShowLink": "/object/rxt-mynewtest",
                  "default_name": "MyNewTest",
                  "name": "MyNewTest",
                  "object_type": "restaurant",
                },
                "review_permlink": "5rhsvw-review-mytest-mynewtest",
              },
              "is_demo_account": true,
              "memo": "",
              "payed": false,
              "recounted": false,
              "sponsor": "asd09",
              "type": "referral_server_fee",
              "updatedAt": "2020-10-13T06:45:35.517Z",
              "userName": "waivio_dsad-asas",
              "withdraw": null,
            }
          }
          toggleModal={[MockFunction]}
        />
      </td>
      <td
        className="SponsoredRewardsTableRow__amount-row"
      >
        0.002
      </td>
      <td
        className="SponsoredRewardsTableRow__balance-row"
      >
        0.002
      </td>
    </tr>
  </IntlProvider>,
  Symbol(enzyme.__renderer__): Object {
    "batchedUpdates": [Function],
    "checkPropTypes": [Function],
    "getNode": [Function],
    "render": [Function],
    "simulateError": [Function],
    "simulateEvent": [Function],
    "unmount": [Function],
  },
  Symbol(enzyme.__node__): Object {
    "instance": null,
    "key": undefined,
    "nodeType": "host",
    "props": Object {
      "children": Array [
        <td
          className="SponsoredRewardsTableRow__date-row"
        >
          13-Oct-2020
        </td>,
        <td
          className="SponsoredRewardsTableRow__action-row"
        >
          <FormattedMessage
            defaultMessage="Review by {userName} (requested by {sponsorName})"
            id="sponsored_rewards_requested_text"
            values={
              Object {
                "sponsorName": <UNDEFINED
                  to="/@asd09"
                >
                  <span
                    className="text-link"
                  >
                    @
                    asd09
                  </span>
                </UNDEFINED>,
                "userName": <UNDEFINED
                  to="/@waivio_dsad-asas"
                >
                  <span
                    className="text-link"
                  >
                    @
                    waivio_dsad-asas
                  </span>
                </UNDEFINED>,
              }
            }
          />
          <UNDEFINED>
            <div>
              <FormattedMessage
                defaultMessage="Review: {prymaryObjectName}, {reviewObjectName}"
                id="sponsored_rewards_review_text"
                values={
                  Object {
                    "prymaryObjectName": <UNDEFINED
                      to="/object/cqd-mytest"
                    >
                      <span
                        className="text-link"
                      >
                        myTest
                      </span>
                    </UNDEFINED>,
                    "reviewObjectName": <UNDEFINED
                      to="/object/rxt-mynewtest"
                    >
                      <span
                        className="text-link"
                      >
                        MyNewTest
                      </span>
                    </UNDEFINED>,
                  }
                }
              />
            </div>
            <div>
              <FormattedMessage
                defaultMessage="Beneficiaries: "
                id="sponsored_rewards_beneficiaries"
                values={Object {}}
              />
              <UNDEFINED
                to="/@waivio_dsad-asas"
              >
                waivio_dsad-asas
              </UNDEFINED>
               (100%)
            </div>
          </UNDEFINED>
        </td>,
        <td
          className="SponsoredRewardsTableRow__details-row"
        >
          <UNDEFINED>
            <UNDEFINED
              to="/@waivio_dsad-asas/reserve-ehq58v56iyd"
            >
              <FormattedMessage
                defaultMessage="Reservation"
                id="sponsored_rewards_details_reservation"
                values={Object {}}
              />
            </UNDEFINED>
            <div
              className="text-link"
              onClick={[Function]}
              role="presentation"
            >
              <FormattedMessage
                defaultMessage="Report"
                id="sponsored_rewards_details_report"
                values={Object {}}
              />
            </div>
          </UNDEFINED>
          <InjectIntl(Report)
            isModalReportOpen={false}
            sponsor={
              Object {
                "__v": 0,
                "_id": "5f854d0f5110180f72a5e386",
                "amount": 0.002,
                "app": "waiviodev/1.0.0",
                "balance": 0.002,
                "createdAt": "2020-10-13T06:45:35.517Z",
                "currentUser": "vallon",
                "details": Object {
                  "beneficiaries": Array [],
                  "commissionWeight": 307.6923,
                  "hiveCurrency": 0.154579,
                  "main_object": Object {
                    "author_permlink": "cqd-mytest",
                    "defaultShowLink": "/object/cqd-mytest",
                    "default_name": "MyTest",
                    "name": "myTest",
                    "object_type": "restaurant",
                  },
                  "payableInDollars": 0.00030915799999999997,
                  "reservation_permlink": "reserve-ehq58v56iyd",
                  "review_object": Object {
                    "author_permlink": "rxt-mynewtest",
                    "defaultShowLink": "/object/rxt-mynewtest",
                    "default_name": "MyNewTest",
                    "name": "MyNewTest",
                    "object_type": "restaurant",
                  },
                  "review_permlink": "5rhsvw-review-mytest-mynewtest",
                },
                "is_demo_account": true,
                "memo": "",
                "payed": false,
                "recounted": false,
                "sponsor": "asd09",
                "type": "referral_server_fee",
                "updatedAt": "2020-10-13T06:45:35.517Z",
                "userName": "waivio_dsad-asas",
                "withdraw": null,
              }
            }
            toggleModal={[MockFunction]}
          />
        </td>,
        <td
          className="SponsoredRewardsTableRow__amount-row"
        >
          0.002
        </td>,
        <td
          className="SponsoredRewardsTableRow__balance-row"
        >
          0.002
        </td>,
      ],
      "className": "SponsoredRewardsTableRow",
    },
    "ref": null,
    "rendered": Array [
      Object {
        "instance": null,
        "key": undefined,
        "nodeType": "host",
        "props": Object {
          "children": "13-Oct-2020",
          "className": "SponsoredRewardsTableRow__date-row",
        },
        "ref": null,
        "rendered": "13-Oct-2020",
        "type": "td",
      },
      Object {
        "instance": null,
        "key": undefined,
        "nodeType": "host",
        "props": Object {
          "children": Array [
            <FormattedMessage
              defaultMessage="Review by {userName} (requested by {sponsorName})"
              id="sponsored_rewards_requested_text"
              values={
                Object {
                  "sponsorName": <UNDEFINED
                    to="/@asd09"
                  >
                    <span
                      className="text-link"
                    >
                      @
                      asd09
                    </span>
                  </UNDEFINED>,
                  "userName": <UNDEFINED
                    to="/@waivio_dsad-asas"
                  >
                    <span
                      className="text-link"
                    >
                      @
                      waivio_dsad-asas
                    </span>
                  </UNDEFINED>,
                }
              }
            />,
            <UNDEFINED>
              <div>
                <FormattedMessage
                  defaultMessage="Review: {prymaryObjectName}, {reviewObjectName}"
                  id="sponsored_rewards_review_text"
                  values={
                    Object {
                      "prymaryObjectName": <UNDEFINED
                        to="/object/cqd-mytest"
                      >
                        <span
                          className="text-link"
                        >
                          myTest
                        </span>
                      </UNDEFINED>,
                      "reviewObjectName": <UNDEFINED
                        to="/object/rxt-mynewtest"
                      >
                        <span
                          className="text-link"
                        >
                          MyNewTest
                        </span>
                      </UNDEFINED>,
                    }
                  }
                />
              </div>
              <div>
                <FormattedMessage
                  defaultMessage="Beneficiaries: "
                  id="sponsored_rewards_beneficiaries"
                  values={Object {}}
                />
                <UNDEFINED
                  to="/@waivio_dsad-asas"
                >
                  waivio_dsad-asas
                </UNDEFINED>
                 (100%)
              </div>
            </UNDEFINED>,
          ],
          "className": "SponsoredRewardsTableRow__action-row",
        },
        "ref": null,
        "rendered": Array [
          Object {
            "instance": null,
            "key": undefined,
            "nodeType": "class",
            "props": Object {
              "defaultMessage": "Review by {userName} (requested by {sponsorName})",
              "id": "sponsored_rewards_requested_text",
              "values": Object {
                "sponsorName": <UNDEFINED
                  to="/@asd09"
                >
                  <span
                    className="text-link"
                  >
                    @
                    asd09
                  </span>
                </UNDEFINED>,
                "userName": <UNDEFINED
                  to="/@waivio_dsad-asas"
                >
                  <span
                    className="text-link"
                  >
                    @
                    waivio_dsad-asas
                  </span>
                </UNDEFINED>,
              },
            },
            "ref": null,
            "rendered": null,
            "type": [Function],
          },
          Object {
            "instance": null,
            "key": undefined,
            "nodeType": "function",
            "props": Object {
              "children": Array [
                <div>
                  <FormattedMessage
                    defaultMessage="Review: {prymaryObjectName}, {reviewObjectName}"
                    id="sponsored_rewards_review_text"
                    values={
                      Object {
                        "prymaryObjectName": <UNDEFINED
                          to="/object/cqd-mytest"
                        >
                          <span
                            className="text-link"
                          >
                            myTest
                          </span>
                        </UNDEFINED>,
                        "reviewObjectName": <UNDEFINED
                          to="/object/rxt-mynewtest"
                        >
                          <span
                            className="text-link"
                          >
                            MyNewTest
                          </span>
                        </UNDEFINED>,
                      }
                    }
                  />
                </div>,
                <div>
                  <FormattedMessage
                    defaultMessage="Beneficiaries: "
                    id="sponsored_rewards_beneficiaries"
                    values={Object {}}
                  />
                  <UNDEFINED
                    to="/@waivio_dsad-asas"
                  >
                    waivio_dsad-asas
                  </UNDEFINED>
                   (100%)
                </div>,
              ],
            },
            "ref": null,
            "rendered": Array [
              Object {
                "instance": null,
                "key": undefined,
                "nodeType": "host",
                "props": Object {
                  "children": <FormattedMessage
                    defaultMessage="Review: {prymaryObjectName}, {reviewObjectName}"
                    id="sponsored_rewards_review_text"
                    values={
                      Object {
                        "prymaryObjectName": <UNDEFINED
                          to="/object/cqd-mytest"
                        >
                          <span
                            className="text-link"
                          >
                            myTest
                          </span>
                        </UNDEFINED>,
                        "reviewObjectName": <UNDEFINED
                          to="/object/rxt-mynewtest"
                        >
                          <span
                            className="text-link"
                          >
                            MyNewTest
                          </span>
                        </UNDEFINED>,
                      }
                    }
                  />,
                },
                "ref": null,
                "rendered": Object {
                  "instance": null,
                  "key": undefined,
                  "nodeType": "class",
                  "props": Object {
                    "defaultMessage": "Review: {prymaryObjectName}, {reviewObjectName}",
                    "id": "sponsored_rewards_review_text",
                    "values": Object {
                      "prymaryObjectName": <UNDEFINED
                        to="/object/cqd-mytest"
                      >
                        <span
                          className="text-link"
                        >
                          myTest
                        </span>
                      </UNDEFINED>,
                      "reviewObjectName": <UNDEFINED
                        to="/object/rxt-mynewtest"
                      >
                        <span
                          className="text-link"
                        >
                          MyNewTest
                        </span>
                      </UNDEFINED>,
                    },
                  },
                  "ref": null,
                  "rendered": null,
                  "type": [Function],
                },
                "type": "div",
              },
              Object {
                "instance": null,
                "key": undefined,
                "nodeType": "host",
                "props": Object {
                  "children": Array [
                    <FormattedMessage
                      defaultMessage="Beneficiaries: "
                      id="sponsored_rewards_beneficiaries"
                      values={Object {}}
                    />,
                    Array [],
                    <UNDEFINED
                      to="/@waivio_dsad-asas"
                    >
                      waivio_dsad-asas
                    </UNDEFINED>,
                    " (100%)",
                  ],
                },
                "ref": null,
                "rendered": Array [
                  Object {
                    "instance": null,
                    "key": undefined,
                    "nodeType": "class",
                    "props": Object {
                      "defaultMessage": "Beneficiaries: ",
                      "id": "sponsored_rewards_beneficiaries",
                      "values": Object {},
                    },
                    "ref": null,
                    "rendered": null,
                    "type": [Function],
                  },
                  Object {
                    "instance": null,
                    "key": undefined,
                    "nodeType": "function",
                    "props": Object {
                      "children": "waivio_dsad-asas",
                      "to": "/@waivio_dsad-asas",
                    },
                    "ref": null,
                    "rendered": "waivio_dsad-asas",
                    "type": Object {
                      "$$typeof": Symbol(react.forward_ref),
                      "displayName": "Link",
                      "propTypes": Object {
                        "innerRef": [Function],
                        "onClick": [Function],
                        "replace": [Function],
                        "target": [Function],
                        "to": [Function],
                      },
                      "render": [Function],
                    },
                  },
                  " (100%)",
                ],
                "type": "div",
              },
            ],
            "type": Symbol(react.fragment),
          },
        ],
        "type": "td",
      },
      Object {
        "instance": null,
        "key": undefined,
        "nodeType": "host",
        "props": Object {
          "children": Array [
            <UNDEFINED>
              <UNDEFINED
                to="/@waivio_dsad-asas/reserve-ehq58v56iyd"
              >
                <FormattedMessage
                  defaultMessage="Reservation"
                  id="sponsored_rewards_details_reservation"
                  values={Object {}}
                />
              </UNDEFINED>
              <div
                className="text-link"
                onClick={[Function]}
                role="presentation"
              >
                <FormattedMessage
                  defaultMessage="Report"
                  id="sponsored_rewards_details_report"
                  values={Object {}}
                />
              </div>
            </UNDEFINED>,
            <InjectIntl(Report)
              isModalReportOpen={false}
              sponsor={
                Object {
                  "__v": 0,
                  "_id": "5f854d0f5110180f72a5e386",
                  "amount": 0.002,
                  "app": "waiviodev/1.0.0",
                  "balance": 0.002,
                  "createdAt": "2020-10-13T06:45:35.517Z",
                  "currentUser": "vallon",
                  "details": Object {
                    "beneficiaries": Array [],
                    "commissionWeight": 307.6923,
                    "hiveCurrency": 0.154579,
                    "main_object": Object {
                      "author_permlink": "cqd-mytest",
                      "defaultShowLink": "/object/cqd-mytest",
                      "default_name": "MyTest",
                      "name": "myTest",
                      "object_type": "restaurant",
                    },
                    "payableInDollars": 0.00030915799999999997,
                    "reservation_permlink": "reserve-ehq58v56iyd",
                    "review_object": Object {
                      "author_permlink": "rxt-mynewtest",
                      "defaultShowLink": "/object/rxt-mynewtest",
                      "default_name": "MyNewTest",
                      "name": "MyNewTest",
                      "object_type": "restaurant",
                    },
                    "review_permlink": "5rhsvw-review-mytest-mynewtest",
                  },
                  "is_demo_account": true,
                  "memo": "",
                  "payed": false,
                  "recounted": false,
                  "sponsor": "asd09",
                  "type": "referral_server_fee",
                  "updatedAt": "2020-10-13T06:45:35.517Z",
                  "userName": "waivio_dsad-asas",
                  "withdraw": null,
                }
              }
              toggleModal={[MockFunction]}
            />,
          ],
          "className": "SponsoredRewardsTableRow__details-row",
        },
        "ref": null,
        "rendered": Array [
          Object {
            "instance": null,
            "key": undefined,
            "nodeType": "function",
            "props": Object {
              "children": Array [
                <UNDEFINED
                  to="/@waivio_dsad-asas/reserve-ehq58v56iyd"
                >
                  <FormattedMessage
                    defaultMessage="Reservation"
                    id="sponsored_rewards_details_reservation"
                    values={Object {}}
                  />
                </UNDEFINED>,
                <div
                  className="text-link"
                  onClick={[Function]}
                  role="presentation"
                >
                  <FormattedMessage
                    defaultMessage="Report"
                    id="sponsored_rewards_details_report"
                    values={Object {}}
                  />
                </div>,
              ],
            },
            "ref": null,
            "rendered": Array [
              Object {
                "instance": null,
                "key": undefined,
                "nodeType": "function",
                "props": Object {
                  "children": <FormattedMessage
                    defaultMessage="Reservation"
                    id="sponsored_rewards_details_reservation"
                    values={Object {}}
                  />,
                  "to": "/@waivio_dsad-asas/reserve-ehq58v56iyd",
                },
                "ref": null,
                "rendered": Object {
                  "instance": null,
                  "key": undefined,
                  "nodeType": "class",
                  "props": Object {
                    "defaultMessage": "Reservation",
                    "id": "sponsored_rewards_details_reservation",
                    "values": Object {},
                  },
                  "ref": null,
                  "rendered": null,
                  "type": [Function],
                },
                "type": Object {
                  "$$typeof": Symbol(react.forward_ref),
                  "displayName": "Link",
                  "propTypes": Object {
                    "innerRef": [Function],
                    "onClick": [Function],
                    "replace": [Function],
                    "target": [Function],
                    "to": [Function],
                  },
                  "render": [Function],
                },
              },
              Object {
                "instance": null,
                "key": undefined,
                "nodeType": "host",
                "props": Object {
                  "children": <FormattedMessage
                    defaultMessage="Report"
                    id="sponsored_rewards_details_report"
                    values={Object {}}
                  />,
                  "className": "text-link",
                  "onClick": [Function],
                  "role": "presentation",
                },
                "ref": null,
                "rendered": Object {
                  "instance": null,
                  "key": undefined,
                  "nodeType": "class",
                  "props": Object {
                    "defaultMessage": "Report",
                    "id": "sponsored_rewards_details_report",
                    "values": Object {},
                  },
                  "ref": null,
                  "rendered": null,
                  "type": [Function],
                },
                "type": "div",
              },
            ],
            "type": Symbol(react.fragment),
          },
          Object {
            "instance": null,
            "key": undefined,
            "nodeType": "class",
            "props": Object {
              "isModalReportOpen": false,
              "sponsor": Object {
                "__v": 0,
                "_id": "5f854d0f5110180f72a5e386",
                "amount": 0.002,
                "app": "waiviodev/1.0.0",
                "balance": 0.002,
                "createdAt": "2020-10-13T06:45:35.517Z",
                "currentUser": "vallon",
                "details": Object {
                  "beneficiaries": Array [],
                  "commissionWeight": 307.6923,
                  "hiveCurrency": 0.154579,
                  "main_object": Object {
                    "author_permlink": "cqd-mytest",
                    "defaultShowLink": "/object/cqd-mytest",
                    "default_name": "MyTest",
                    "name": "myTest",
                    "object_type": "restaurant",
                  },
                  "payableInDollars": 0.00030915799999999997,
                  "reservation_permlink": "reserve-ehq58v56iyd",
                  "review_object": Object {
                    "author_permlink": "rxt-mynewtest",
                    "defaultShowLink": "/object/rxt-mynewtest",
                    "default_name": "MyNewTest",
                    "name": "MyNewTest",
                    "object_type": "restaurant",
                  },
                  "review_permlink": "5rhsvw-review-mytest-mynewtest",
                },
                "is_demo_account": true,
                "memo": "",
                "payed": false,
                "recounted": false,
                "sponsor": "asd09",
                "type": "referral_server_fee",
                "updatedAt": "2020-10-13T06:45:35.517Z",
                "userName": "waivio_dsad-asas",
                "withdraw": null,
              },
              "toggleModal": [MockFunction],
            },
            "ref": null,
            "rendered": null,
            "type": [Function],
          },
        ],
        "type": "td",
      },
      Object {
        "instance": null,
        "key": undefined,
        "nodeType": "host",
        "props": Object {
          "children": "0.002",
          "className": "SponsoredRewardsTableRow__amount-row",
        },
        "ref": null,
        "rendered": "0.002",
        "type": "td",
      },
      Object {
        "instance": null,
        "key": undefined,
        "nodeType": "host",
        "props": Object {
          "children": "0.002",
          "className": "SponsoredRewardsTableRow__balance-row",
        },
        "ref": null,
        "rendered": "0.002",
        "type": "td",
      },
    ],
    "type": "tr",
  },
  Symbol(enzyme.__nodes__): Array [
    Object {
      "instance": null,
      "key": undefined,
      "nodeType": "host",
      "props": Object {
        "children": Array [
          <td
            className="SponsoredRewardsTableRow__date-row"
          >
            13-Oct-2020
          </td>,
          <td
            className="SponsoredRewardsTableRow__action-row"
          >
            <FormattedMessage
              defaultMessage="Review by {userName} (requested by {sponsorName})"
              id="sponsored_rewards_requested_text"
              values={
                Object {
                  "sponsorName": <UNDEFINED
                    to="/@asd09"
                  >
                    <span
                      className="text-link"
                    >
                      @
                      asd09
                    </span>
                  </UNDEFINED>,
                  "userName": <UNDEFINED
                    to="/@waivio_dsad-asas"
                  >
                    <span
                      className="text-link"
                    >
                      @
                      waivio_dsad-asas
                    </span>
                  </UNDEFINED>,
                }
              }
            />
            <UNDEFINED>
              <div>
                <FormattedMessage
                  defaultMessage="Review: {prymaryObjectName}, {reviewObjectName}"
                  id="sponsored_rewards_review_text"
                  values={
                    Object {
                      "prymaryObjectName": <UNDEFINED
                        to="/object/cqd-mytest"
                      >
                        <span
                          className="text-link"
                        >
                          myTest
                        </span>
                      </UNDEFINED>,
                      "reviewObjectName": <UNDEFINED
                        to="/object/rxt-mynewtest"
                      >
                        <span
                          className="text-link"
                        >
                          MyNewTest
                        </span>
                      </UNDEFINED>,
                    }
                  }
                />
              </div>
              <div>
                <FormattedMessage
                  defaultMessage="Beneficiaries: "
                  id="sponsored_rewards_beneficiaries"
                  values={Object {}}
                />
                <UNDEFINED
                  to="/@waivio_dsad-asas"
                >
                  waivio_dsad-asas
                </UNDEFINED>
                 (100%)
              </div>
            </UNDEFINED>
          </td>,
          <td
            className="SponsoredRewardsTableRow__details-row"
          >
            <UNDEFINED>
              <UNDEFINED
                to="/@waivio_dsad-asas/reserve-ehq58v56iyd"
              >
                <FormattedMessage
                  defaultMessage="Reservation"
                  id="sponsored_rewards_details_reservation"
                  values={Object {}}
                />
              </UNDEFINED>
              <div
                className="text-link"
                onClick={[Function]}
                role="presentation"
              >
                <FormattedMessage
                  defaultMessage="Report"
                  id="sponsored_rewards_details_report"
                  values={Object {}}
                />
              </div>
            </UNDEFINED>
            <InjectIntl(Report)
              isModalReportOpen={false}
              sponsor={
                Object {
                  "__v": 0,
                  "_id": "5f854d0f5110180f72a5e386",
                  "amount": 0.002,
                  "app": "waiviodev/1.0.0",
                  "balance": 0.002,
                  "createdAt": "2020-10-13T06:45:35.517Z",
                  "currentUser": "vallon",
                  "details": Object {
                    "beneficiaries": Array [],
                    "commissionWeight": 307.6923,
                    "hiveCurrency": 0.154579,
                    "main_object": Object {
                      "author_permlink": "cqd-mytest",
                      "defaultShowLink": "/object/cqd-mytest",
                      "default_name": "MyTest",
                      "name": "myTest",
                      "object_type": "restaurant",
                    },
                    "payableInDollars": 0.00030915799999999997,
                    "reservation_permlink": "reserve-ehq58v56iyd",
                    "review_object": Object {
                      "author_permlink": "rxt-mynewtest",
                      "defaultShowLink": "/object/rxt-mynewtest",
                      "default_name": "MyNewTest",
                      "name": "MyNewTest",
                      "object_type": "restaurant",
                    },
                    "review_permlink": "5rhsvw-review-mytest-mynewtest",
                  },
                  "is_demo_account": true,
                  "memo": "",
                  "payed": false,
                  "recounted": false,
                  "sponsor": "asd09",
                  "type": "referral_server_fee",
                  "updatedAt": "2020-10-13T06:45:35.517Z",
                  "userName": "waivio_dsad-asas",
                  "withdraw": null,
                }
              }
              toggleModal={[MockFunction]}
            />
          </td>,
          <td
            className="SponsoredRewardsTableRow__amount-row"
          >
            0.002
          </td>,
          <td
            className="SponsoredRewardsTableRow__balance-row"
          >
            0.002
          </td>,
        ],
        "className": "SponsoredRewardsTableRow",
      },
      "ref": null,
      "rendered": Array [
        Object {
          "instance": null,
          "key": undefined,
          "nodeType": "host",
          "props": Object {
            "children": "13-Oct-2020",
            "className": "SponsoredRewardsTableRow__date-row",
          },
          "ref": null,
          "rendered": "13-Oct-2020",
          "type": "td",
        },
        Object {
          "instance": null,
          "key": undefined,
          "nodeType": "host",
          "props": Object {
            "children": Array [
              <FormattedMessage
                defaultMessage="Review by {userName} (requested by {sponsorName})"
                id="sponsored_rewards_requested_text"
                values={
                  Object {
                    "sponsorName": <UNDEFINED
                      to="/@asd09"
                    >
                      <span
                        className="text-link"
                      >
                        @
                        asd09
                      </span>
                    </UNDEFINED>,
                    "userName": <UNDEFINED
                      to="/@waivio_dsad-asas"
                    >
                      <span
                        className="text-link"
                      >
                        @
                        waivio_dsad-asas
                      </span>
                    </UNDEFINED>,
                  }
                }
              />,
              <UNDEFINED>
                <div>
                  <FormattedMessage
                    defaultMessage="Review: {prymaryObjectName}, {reviewObjectName}"
                    id="sponsored_rewards_review_text"
                    values={
                      Object {
                        "prymaryObjectName": <UNDEFINED
                          to="/object/cqd-mytest"
                        >
                          <span
                            className="text-link"
                          >
                            myTest
                          </span>
                        </UNDEFINED>,
                        "reviewObjectName": <UNDEFINED
                          to="/object/rxt-mynewtest"
                        >
                          <span
                            className="text-link"
                          >
                            MyNewTest
                          </span>
                        </UNDEFINED>,
                      }
                    }
                  />
                </div>
                <div>
                  <FormattedMessage
                    defaultMessage="Beneficiaries: "
                    id="sponsored_rewards_beneficiaries"
                    values={Object {}}
                  />
                  <UNDEFINED
                    to="/@waivio_dsad-asas"
                  >
                    waivio_dsad-asas
                  </UNDEFINED>
                   (100%)
                </div>
              </UNDEFINED>,
            ],
            "className": "SponsoredRewardsTableRow__action-row",
          },
          "ref": null,
          "rendered": Array [
            Object {
              "instance": null,
              "key": undefined,
              "nodeType": "class",
              "props": Object {
                "defaultMessage": "Review by {userName} (requested by {sponsorName})",
                "id": "sponsored_rewards_requested_text",
                "values": Object {
                  "sponsorName": <UNDEFINED
                    to="/@asd09"
                  >
                    <span
                      className="text-link"
                    >
                      @
                      asd09
                    </span>
                  </UNDEFINED>,
                  "userName": <UNDEFINED
                    to="/@waivio_dsad-asas"
                  >
                    <span
                      className="text-link"
                    >
                      @
                      waivio_dsad-asas
                    </span>
                  </UNDEFINED>,
                },
              },
              "ref": null,
              "rendered": null,
              "type": [Function],
            },
            Object {
              "instance": null,
              "key": undefined,
              "nodeType": "function",
              "props": Object {
                "children": Array [
                  <div>
                    <FormattedMessage
                      defaultMessage="Review: {prymaryObjectName}, {reviewObjectName}"
                      id="sponsored_rewards_review_text"
                      values={
                        Object {
                          "prymaryObjectName": <UNDEFINED
                            to="/object/cqd-mytest"
                          >
                            <span
                              className="text-link"
                            >
                              myTest
                            </span>
                          </UNDEFINED>,
                          "reviewObjectName": <UNDEFINED
                            to="/object/rxt-mynewtest"
                          >
                            <span
                              className="text-link"
                            >
                              MyNewTest
                            </span>
                          </UNDEFINED>,
                        }
                      }
                    />
                  </div>,
                  <div>
                    <FormattedMessage
                      defaultMessage="Beneficiaries: "
                      id="sponsored_rewards_beneficiaries"
                      values={Object {}}
                    />
                    <UNDEFINED
                      to="/@waivio_dsad-asas"
                    >
                      waivio_dsad-asas
                    </UNDEFINED>
                     (100%)
                  </div>,
                ],
              },
              "ref": null,
              "rendered": Array [
                Object {
                  "instance": null,
                  "key": undefined,
                  "nodeType": "host",
                  "props": Object {
                    "children": <FormattedMessage
                      defaultMessage="Review: {prymaryObjectName}, {reviewObjectName}"
                      id="sponsored_rewards_review_text"
                      values={
                        Object {
                          "prymaryObjectName": <UNDEFINED
                            to="/object/cqd-mytest"
                          >
                            <span
                              className="text-link"
                            >
                              myTest
                            </span>
                          </UNDEFINED>,
                          "reviewObjectName": <UNDEFINED
                            to="/object/rxt-mynewtest"
                          >
                            <span
                              className="text-link"
                            >
                              MyNewTest
                            </span>
                          </UNDEFINED>,
                        }
                      }
                    />,
                  },
                  "ref": null,
                  "rendered": Object {
                    "instance": null,
                    "key": undefined,
                    "nodeType": "class",
                    "props": Object {
                      "defaultMessage": "Review: {prymaryObjectName}, {reviewObjectName}",
                      "id": "sponsored_rewards_review_text",
                      "values": Object {
                        "prymaryObjectName": <UNDEFINED
                          to="/object/cqd-mytest"
                        >
                          <span
                            className="text-link"
                          >
                            myTest
                          </span>
                        </UNDEFINED>,
                        "reviewObjectName": <UNDEFINED
                          to="/object/rxt-mynewtest"
                        >
                          <span
                            className="text-link"
                          >
                            MyNewTest
                          </span>
                        </UNDEFINED>,
                      },
                    },
                    "ref": null,
                    "rendered": null,
                    "type": [Function],
                  },
                  "type": "div",
                },
                Object {
                  "instance": null,
                  "key": undefined,
                  "nodeType": "host",
                  "props": Object {
                    "children": Array [
                      <FormattedMessage
                        defaultMessage="Beneficiaries: "
                        id="sponsored_rewards_beneficiaries"
                        values={Object {}}
                      />,
                      Array [],
                      <UNDEFINED
                        to="/@waivio_dsad-asas"
                      >
                        waivio_dsad-asas
                      </UNDEFINED>,
                      " (100%)",
                    ],
                  },
                  "ref": null,
                  "rendered": Array [
                    Object {
                      "instance": null,
                      "key": undefined,
                      "nodeType": "class",
                      "props": Object {
                        "defaultMessage": "Beneficiaries: ",
                        "id": "sponsored_rewards_beneficiaries",
                        "values": Object {},
                      },
                      "ref": null,
                      "rendered": null,
                      "type": [Function],
                    },
                    Object {
                      "instance": null,
                      "key": undefined,
                      "nodeType": "function",
                      "props": Object {
                        "children": "waivio_dsad-asas",
                        "to": "/@waivio_dsad-asas",
                      },
                      "ref": null,
                      "rendered": "waivio_dsad-asas",
                      "type": Object {
                        "$$typeof": Symbol(react.forward_ref),
                        "displayName": "Link",
                        "propTypes": Object {
                          "innerRef": [Function],
                          "onClick": [Function],
                          "replace": [Function],
                          "target": [Function],
                          "to": [Function],
                        },
                        "render": [Function],
                      },
                    },
                    " (100%)",
                  ],
                  "type": "div",
                },
              ],
              "type": Symbol(react.fragment),
            },
          ],
          "type": "td",
        },
        Object {
          "instance": null,
          "key": undefined,
          "nodeType": "host",
          "props": Object {
            "children": Array [
              <UNDEFINED>
                <UNDEFINED
                  to="/@waivio_dsad-asas/reserve-ehq58v56iyd"
                >
                  <FormattedMessage
                    defaultMessage="Reservation"
                    id="sponsored_rewards_details_reservation"
                    values={Object {}}
                  />
                </UNDEFINED>
                <div
                  className="text-link"
                  onClick={[Function]}
                  role="presentation"
                >
                  <FormattedMessage
                    defaultMessage="Report"
                    id="sponsored_rewards_details_report"
                    values={Object {}}
                  />
                </div>
              </UNDEFINED>,
              <InjectIntl(Report)
                isModalReportOpen={false}
                sponsor={
                  Object {
                    "__v": 0,
                    "_id": "5f854d0f5110180f72a5e386",
                    "amount": 0.002,
                    "app": "waiviodev/1.0.0",
                    "balance": 0.002,
                    "createdAt": "2020-10-13T06:45:35.517Z",
                    "currentUser": "vallon",
                    "details": Object {
                      "beneficiaries": Array [],
                      "commissionWeight": 307.6923,
                      "hiveCurrency": 0.154579,
                      "main_object": Object {
                        "author_permlink": "cqd-mytest",
                        "defaultShowLink": "/object/cqd-mytest",
                        "default_name": "MyTest",
                        "name": "myTest",
                        "object_type": "restaurant",
                      },
                      "payableInDollars": 0.00030915799999999997,
                      "reservation_permlink": "reserve-ehq58v56iyd",
                      "review_object": Object {
                        "author_permlink": "rxt-mynewtest",
                        "defaultShowLink": "/object/rxt-mynewtest",
                        "default_name": "MyNewTest",
                        "name": "MyNewTest",
                        "object_type": "restaurant",
                      },
                      "review_permlink": "5rhsvw-review-mytest-mynewtest",
                    },
                    "is_demo_account": true,
                    "memo": "",
                    "payed": false,
                    "recounted": false,
                    "sponsor": "asd09",
                    "type": "referral_server_fee",
                    "updatedAt": "2020-10-13T06:45:35.517Z",
                    "userName": "waivio_dsad-asas",
                    "withdraw": null,
                  }
                }
                toggleModal={[MockFunction]}
              />,
            ],
            "className": "SponsoredRewardsTableRow__details-row",
          },
          "ref": null,
          "rendered": Array [
            Object {
              "instance": null,
              "key": undefined,
              "nodeType": "function",
              "props": Object {
                "children": Array [
                  <UNDEFINED
                    to="/@waivio_dsad-asas/reserve-ehq58v56iyd"
                  >
                    <FormattedMessage
                      defaultMessage="Reservation"
                      id="sponsored_rewards_details_reservation"
                      values={Object {}}
                    />
                  </UNDEFINED>,
                  <div
                    className="text-link"
                    onClick={[Function]}
                    role="presentation"
                  >
                    <FormattedMessage
                      defaultMessage="Report"
                      id="sponsored_rewards_details_report"
                      values={Object {}}
                    />
                  </div>,
                ],
              },
              "ref": null,
              "rendered": Array [
                Object {
                  "instance": null,
                  "key": undefined,
                  "nodeType": "function",
                  "props": Object {
                    "children": <FormattedMessage
                      defaultMessage="Reservation"
                      id="sponsored_rewards_details_reservation"
                      values={Object {}}
                    />,
                    "to": "/@waivio_dsad-asas/reserve-ehq58v56iyd",
                  },
                  "ref": null,
                  "rendered": Object {
                    "instance": null,
                    "key": undefined,
                    "nodeType": "class",
                    "props": Object {
                      "defaultMessage": "Reservation",
                      "id": "sponsored_rewards_details_reservation",
                      "values": Object {},
                    },
                    "ref": null,
                    "rendered": null,
                    "type": [Function],
                  },
                  "type": Object {
                    "$$typeof": Symbol(react.forward_ref),
                    "displayName": "Link",
                    "propTypes": Object {
                      "innerRef": [Function],
                      "onClick": [Function],
                      "replace": [Function],
                      "target": [Function],
                      "to": [Function],
                    },
                    "render": [Function],
                  },
                },
                Object {
                  "instance": null,
                  "key": undefined,
                  "nodeType": "host",
                  "props": Object {
                    "children": <FormattedMessage
                      defaultMessage="Report"
                      id="sponsored_rewards_details_report"
                      values={Object {}}
                    />,
                    "className": "text-link",
                    "onClick": [Function],
                    "role": "presentation",
                  },
                  "ref": null,
                  "rendered": Object {
                    "instance": null,
                    "key": undefined,
                    "nodeType": "class",
                    "props": Object {
                      "defaultMessage": "Report",
                      "id": "sponsored_rewards_details_report",
                      "values": Object {},
                    },
                    "ref": null,
                    "rendered": null,
                    "type": [Function],
                  },
                  "type": "div",
                },
              ],
              "type": Symbol(react.fragment),
            },
            Object {
              "instance": null,
              "key": undefined,
              "nodeType": "class",
              "props": Object {
                "isModalReportOpen": false,
                "sponsor": Object {
                  "__v": 0,
                  "_id": "5f854d0f5110180f72a5e386",
                  "amount": 0.002,
                  "app": "waiviodev/1.0.0",
                  "balance": 0.002,
                  "createdAt": "2020-10-13T06:45:35.517Z",
                  "currentUser": "vallon",
                  "details": Object {
                    "beneficiaries": Array [],
                    "commissionWeight": 307.6923,
                    "hiveCurrency": 0.154579,
                    "main_object": Object {
                      "author_permlink": "cqd-mytest",
                      "defaultShowLink": "/object/cqd-mytest",
                      "default_name": "MyTest",
                      "name": "myTest",
                      "object_type": "restaurant",
                    },
                    "payableInDollars": 0.00030915799999999997,
                    "reservation_permlink": "reserve-ehq58v56iyd",
                    "review_object": Object {
                      "author_permlink": "rxt-mynewtest",
                      "defaultShowLink": "/object/rxt-mynewtest",
                      "default_name": "MyNewTest",
                      "name": "MyNewTest",
                      "object_type": "restaurant",
                    },
                    "review_permlink": "5rhsvw-review-mytest-mynewtest",
                  },
                  "is_demo_account": true,
                  "memo": "",
                  "payed": false,
                  "recounted": false,
                  "sponsor": "asd09",
                  "type": "referral_server_fee",
                  "updatedAt": "2020-10-13T06:45:35.517Z",
                  "userName": "waivio_dsad-asas",
                  "withdraw": null,
                },
                "toggleModal": [MockFunction],
              },
              "ref": null,
              "rendered": null,
              "type": [Function],
            },
          ],
          "type": "td",
        },
        Object {
          "instance": null,
          "key": undefined,
          "nodeType": "host",
          "props": Object {
            "children": "0.002",
            "className": "SponsoredRewardsTableRow__amount-row",
          },
          "ref": null,
          "rendered": "0.002",
          "type": "td",
        },
        Object {
          "instance": null,
          "key": undefined,
          "nodeType": "host",
          "props": Object {
            "children": "0.002",
            "className": "SponsoredRewardsTableRow__balance-row",
          },
          "ref": null,
          "rendered": "0.002",
          "type": "td",
        },
      ],
      "type": "tr",
    },
  ],
  Symbol(enzyme.__options__): Object {
    "adapter": ReactSixteenAdapter {
      "options": Object {
        "enableComponentDidUpdateOnSetState": true,
        "legacyContextMode": "parent",
        "lifecycles": Object {
          "componentDidUpdate": Object {
            "onSetState": true,
          },
          "getChildContext": Object {
            "calledByRenderer": false,
          },
          "getDerivedStateFromError": true,
          "getDerivedStateFromProps": Object {
            "hasShouldComponentUpdateBug": false,
          },
          "getSnapshotBeforeUpdate": true,
          "setState": Object {
            "skipsComponentDidUpdateOnNullish": true,
          },
        },
      },
    },
    Symbol(enzyme.__providerValues__): undefined,
  },
  Symbol(enzyme.__providerValues__): Map {},
  Symbol(enzyme.__childContext__): Object {
    "intl": Object {
      "defaultFormats": Object {},
      "defaultLocale": "en",
      "formatDate": [Function],
      "formatHTMLMessage": [Function],
      "formatMessage": [Function],
      "formatNumber": [Function],
      "formatPlural": [Function],
      "formatRelative": [Function],
      "formatTime": [Function],
      "formats": Object {},
      "formatters": Object {
        "getDateTimeFormat": [Function],
        "getMessageFormat": [Function],
        "getNumberFormat": [Function],
        "getPluralFormat": [Function],
        "getRelativeFormat": [Function],
      },
      "locale": "en",
      "messages": Object {},
      "now": [Function],
      "onError": [Function],
      "textComponent": "span",
      "timeZone": null,
    },
  },
}
`;
