// Jest Snapshot v1, https://goo.gl/fbAQLP

exports[`<SocialLink /> renders without exploding 1`] = `
ReactWrapper {
  Symbol(enzyme.__renderer__): Object {
    "batchedUpdates": [Function],
    "getNode": [Function],
    "getWrappingComponentRenderer": [Function],
    "render": [Function],
    "simulateError": [Function],
    "simulateEvent": [Function],
    "unmount": [Function],
    "wrapInvoke": [Function],
  },
  Symbol(enzyme.__root__): [Circular],
  Symbol(enzyme.__node__): Object {
    "instance": null,
    "key": undefined,
    "nodeType": "function",
    "props": Object {
      "profile": Object {
        "color": "red",
        "icon": "profile icon",
        "id": "id",
        "name": "profile name",
      },
      "url": "url",
    },
    "ref": null,
    "rendered": Object {
      "instance": <div>
        <i
          class="iconfont text-icon icon-profile icon"
          style="color: red;"
        />
        <a
          href="url"
          rel="noopener noreferrer"
          target="_blank"
        >
          profile name
        </a>
      </div>,
      "key": undefined,
      "nodeType": "host",
      "props": Object {
        "children": Array [
          <i
            className="iconfont text-icon icon-profile icon"
            style={
              Object {
                "color": "red",
              }
            }
          />,
          <a
            href="url"
            rel="noopener noreferrer"
            target="_blank"
          >
            profile name
          </a>,
        ],
      },
      "ref": null,
      "rendered": Array [
        Object {
          "instance": <i
            class="iconfont text-icon icon-profile icon"
            style="color: red;"
          />,
          "key": undefined,
          "nodeType": "host",
          "props": Object {
            "className": "iconfont text-icon icon-profile icon",
            "style": Object {
              "color": "red",
            },
          },
          "ref": null,
          "rendered": Array [
            undefined,
          ],
          "type": "i",
        },
        Object {
          "instance": <a
            href="url"
            rel="noopener noreferrer"
            target="_blank"
          >
            profile name
          </a>,
          "key": undefined,
          "nodeType": "host",
          "props": Object {
            "children": "profile name",
            "href": "url",
            "rel": "noopener noreferrer",
            "target": "_blank",
          },
          "ref": null,
          "rendered": Array [
            "profile name",
          ],
          "type": "a",
        },
      ],
      "type": "div",
    },
    "type": [Function],
  },
  Symbol(enzyme.__nodes__): Array [
    Object {
      "instance": null,
      "key": undefined,
      "nodeType": "function",
      "props": Object {
        "profile": Object {
          "color": "red",
          "icon": "profile icon",
          "id": "id",
          "name": "profile name",
        },
        "url": "url",
      },
      "ref": null,
      "rendered": Object {
        "instance": <div>
          <i
            class="iconfont text-icon icon-profile icon"
            style="color: red;"
          />
          <a
            href="url"
            rel="noopener noreferrer"
            target="_blank"
          >
            profile name
          </a>
        </div>,
        "key": undefined,
        "nodeType": "host",
        "props": Object {
          "children": Array [
            <i
              className="iconfont text-icon icon-profile icon"
              style={
                Object {
                  "color": "red",
                }
              }
            />,
            <a
              href="url"
              rel="noopener noreferrer"
              target="_blank"
            >
              profile name
            </a>,
          ],
        },
        "ref": null,
        "rendered": Array [
          Object {
            "instance": <i
              class="iconfont text-icon icon-profile icon"
              style="color: red;"
            />,
            "key": undefined,
            "nodeType": "host",
            "props": Object {
              "className": "iconfont text-icon icon-profile icon",
              "style": Object {
                "color": "red",
              },
            },
            "ref": null,
            "rendered": Array [
              undefined,
            ],
            "type": "i",
          },
          Object {
            "instance": <a
              href="url"
              rel="noopener noreferrer"
              target="_blank"
            >
              profile name
            </a>,
            "key": undefined,
            "nodeType": "host",
            "props": Object {
              "children": "profile name",
              "href": "url",
              "rel": "noopener noreferrer",
              "target": "_blank",
            },
            "ref": null,
            "rendered": Array [
              "profile name",
            ],
            "type": "a",
          },
        ],
        "type": "div",
      },
      "type": [Function],
    },
  ],
  Symbol(enzyme.__options__): Object {
    "adapter": ReactSixteenAdapter {
      "options": Object {
        "enableComponentDidUpdateOnSetState": true,
        "legacyContextMode": "parent",
        "lifecycles": Object {
          "componentDidUpdate": Object {
            "onSetState": true,
          },
          "getChildContext": Object {
            "calledByRenderer": false,
          },
          "getDerivedStateFromError": true,
          "getDerivedStateFromProps": Object {
            "hasShouldComponentUpdateBug": false,
          },
          "getSnapshotBeforeUpdate": true,
          "setState": Object {
            "skipsComponentDidUpdateOnNullish": true,
          },
        },
      },
    },
  },
  Symbol(enzyme.__linkedRoots__): Array [],
  Symbol(enzyme.__unrendered__): <SocialLink
    profile={
      Object {
        "color": "red",
        "icon": "profile icon",
        "id": "id",
        "name": "profile name",
      }
    }
    url="url"
  />,
  Symbol(enzyme.__updatedBy__): null,
}
`;
